<?xml version="1.0" encoding="UTF-8"?>
<TestRun id="c42e217c-83c6-4f72-822f-82b777481cd3" name="SYSTEM@N005509 2016-01-15 06:30:23" runUser="NT-AUTORITÄT\SYSTEM" xmlns="http://microsoft.com/schemas/VisualStudio/TeamTest/2010">
  <Times creation="2016-01-15T06:30:23.8444079+01:00" queuing="2016-01-15T06:30:23.8444079+01:00" start="2016-01-15T06:30:23.8494084+01:00" finish="2016-01-15T06:30:23.8944129+01:00" />
  <TestSettings name="default" id="947d7581-5eb6-41ad-bc7a-8857f9a992f3">
    <Execution>
      <TestTypeSpecific />
    </Execution>
    <Deployment runDeploymentRoot="SYSTEM_N005509 2016-01-15 06_30_23" />
    <Properties />
  </TestSettings>
  <Results>
    <UnitTestResult executionId="38071597-eb4c-4a3e-89c3-a95494729e86" testId="07243591-7f0e-4593-b456-6795ff7ae895" testName="OrderedTest1" computerName="N005509" duration="00:00:00.2948290" startTime="2016-01-15T06:30:23.3523587+01:00" endTime="2016-01-15T06:30:23.6623897+01:00" testType="13cdc9d9-ddb5-4fa4-a97d-d965ccfc6d4b" outcome="Passed" testListId="8c84fa94-04c1-424b-9868-57a2d4851a1d" relativeResultsDirectory="38071597-eb4c-4a3e-89c3-a95494729e86" />
    <UnitTestResult executionId="815c7d18-5906-4cd5-92b6-7ca634ebcc86" testId="cb957b55-4bcd-47f7-80d4-881f4b0d83d5" testName="1- MathUtil_TestIncrement (OrderedTest1)" computerName="N005509" duration="00:00:00.0300979" startTime="2016-01-15T05:30:23.3663601+01:00" endTime="2016-01-15T05:30:23.6343869+01:00" testType="13cdc9d9-ddb5-4fa4-a97d-d965ccfc6d4b" outcome="Passed" testListId="8c84fa94-04c1-424b-9868-57a2d4851a1d" relativeResultsDirectory="815c7d18-5906-4cd5-92b6-7ca634ebcc86" />
    <UnitTestResult executionId="578a7d8d-d051-4ddd-a970-8807aa5dd062" testId="46c77cc3-cfc3-4980-9bd2-101ea50d3c1e" testName="2- StringUtil_GetStringBetween (OrderedTest1)" computerName="N005509" duration="00:00:00.0010110" startTime="2016-01-15T05:30:23.6373872+01:00" endTime="2016-01-15T05:30:23.6403875+01:00" testType="13cdc9d9-ddb5-4fa4-a97d-d965ccfc6d4b" outcome="Passed" testListId="8c84fa94-04c1-424b-9868-57a2d4851a1d" relativeResultsDirectory="578a7d8d-d051-4ddd-a970-8807aa5dd062" />
    <UnitTestResult executionId="5ff6b02d-d7ed-4c7e-8a7b-6f863340b44f" testId="a761c439-a3e3-4bdd-af7f-2aa38ea5a8f7" testName="3- TestFirstViewModel (OrderedTest1)" computerName="N005509" duration="00:00:00.0176850" startTime="2016-01-15T05:30:23.6403875+01:00" endTime="2016-01-15T05:30:23.6613896+01:00" testType="13cdc9d9-ddb5-4fa4-a97d-d965ccfc6d4b" outcome="Passed" testListId="8c84fa94-04c1-424b-9868-57a2d4851a1d" relativeResultsDirectory="5ff6b02d-d7ed-4c7e-8a7b-6f863340b44f" />
  </Results>
  <TestDefinitions>
    <UnitTest name="OrderedTest1" storage="c:\users\mpfingsten\documents\qqq_firstest\testbay_test\orderedtest1.orderedtest" id="07243591-7f0e-4593-b456-6795ff7ae895">
      <Execution id="38071597-eb4c-4a3e-89c3-a95494729e86" />
      <TestMethod codeBase="C:\Users\mpfingsten\Documents\qqq_firsTest\TestBay_Test\OrderedTest1.orderedTest" adapterTypeName="Microsoft.VisualStudio.TestTools.TestTypes.Unit.UnitTestAdapter" className="c:\users\mpfingsten\documents\qqq_firstest\testbay_test\orderedtest1" name="OrderedTest1" />
    </UnitTest>
    <UnitTest name="1- MathUtil_TestIncrement (OrderedTest1)" storage="c:\users\mpfingsten\documents\qqq_firstest\testbay_test\orderedtest1.orderedtest" id="cb957b55-4bcd-47f7-80d4-881f4b0d83d5">
      <Execution id="815c7d18-5906-4cd5-92b6-7ca634ebcc86" />
      <TestMethod codeBase="C:\Users\mpfingsten\Documents\qqq_firsTest\TestBay_Test\OrderedTest1.orderedTest" adapterTypeName="Microsoft.VisualStudio.TestTools.TestTypes.Unit.UnitTestAdapter" className="c:\users\mpfingsten\documents\qqq_firstest\testbay_test\orderedtest1" name="1- MathUtil_TestIncrement (OrderedTest1)" />
    </UnitTest>
    <UnitTest name="2- StringUtil_GetStringBetween (OrderedTest1)" storage="c:\users\mpfingsten\documents\qqq_firstest\testbay_test\orderedtest1.orderedtest" id="46c77cc3-cfc3-4980-9bd2-101ea50d3c1e">
      <Execution id="578a7d8d-d051-4ddd-a970-8807aa5dd062" />
      <TestMethod codeBase="C:\Users\mpfingsten\Documents\qqq_firsTest\TestBay_Test\OrderedTest1.orderedTest" adapterTypeName="Microsoft.VisualStudio.TestTools.TestTypes.Unit.UnitTestAdapter" className="c:\users\mpfingsten\documents\qqq_firstest\testbay_test\orderedtest1" name="2- StringUtil_GetStringBetween (OrderedTest1)" />
    </UnitTest>
    <UnitTest name="3- TestFirstViewModel (OrderedTest1)" storage="c:\users\mpfingsten\documents\qqq_firstest\testbay_test\orderedtest1.orderedtest" id="a761c439-a3e3-4bdd-af7f-2aa38ea5a8f7">
      <Execution id="5ff6b02d-d7ed-4c7e-8a7b-6f863340b44f" />
      <TestMethod codeBase="C:\Users\mpfingsten\Documents\qqq_firsTest\TestBay_Test\OrderedTest1.orderedTest" adapterTypeName="Microsoft.VisualStudio.TestTools.TestTypes.Unit.UnitTestAdapter" className="c:\users\mpfingsten\documents\qqq_firstest\testbay_test\orderedtest1" name="3- TestFirstViewModel (OrderedTest1)" />
    </UnitTest>
  </TestDefinitions>
  <TestEntries>
    <TestEntry testId="07243591-7f0e-4593-b456-6795ff7ae895" executionId="38071597-eb4c-4a3e-89c3-a95494729e86" testListId="8c84fa94-04c1-424b-9868-57a2d4851a1d" />
    <TestEntry testId="cb957b55-4bcd-47f7-80d4-881f4b0d83d5" executionId="815c7d18-5906-4cd5-92b6-7ca634ebcc86" testListId="8c84fa94-04c1-424b-9868-57a2d4851a1d" />
    <TestEntry testId="46c77cc3-cfc3-4980-9bd2-101ea50d3c1e" executionId="578a7d8d-d051-4ddd-a970-8807aa5dd062" testListId="8c84fa94-04c1-424b-9868-57a2d4851a1d" />
    <TestEntry testId="a761c439-a3e3-4bdd-af7f-2aa38ea5a8f7" executionId="5ff6b02d-d7ed-4c7e-8a7b-6f863340b44f" testListId="8c84fa94-04c1-424b-9868-57a2d4851a1d" />
  </TestEntries>
  <TestLists>
    <TestList name="Nicht in einer Liste enthaltene Ergebnisse" id="8c84fa94-04c1-424b-9868-57a2d4851a1d" />
    <TestList name="Alle geladenen Ergebnisse" id="19431567-8539-422a-85d7-44ee4e166bda" />
  </TestLists>
  <ResultSummary outcome="Completed">
    <Counters total="4" executed="4" passed="4" failed="0" error="0" timeout="0" aborted="0" inconclusive="0" passedButRunAborted="0" notRunnable="0" notExecuted="0" disconnected="0" warning="0" completed="0" inProgress="0" pending="0" />
    <RunInfos>
      <RunInfo computerName="N005509" outcome="Warning" timestamp="2016-01-15T06:30:22.2422477+01:00">
        <Text>Meldung des Adapters für diagnostische Daten: Diagnosedatenadapter 'Code Coverage' wurde nicht gefunden. Stellen Sie sicher, dass der Diagnosedatenadapter installiert ist, und wiederholen Sie den Vorgang.</Text>
      </RunInfo>
    </RunInfos>
  </ResultSummary>
</TestRun>