<?xml version="1.0" encoding="UTF-8"?>
<TestRun id="1d0d832c-2f9d-4de2-b1fe-d87b0fc95ec1" name="SYSTEM@N005509 2016-01-03 13:52:23" runUser="NT-AUTORITÄT\SYSTEM" xmlns="http://microsoft.com/schemas/VisualStudio/TeamTest/2010">
  <Times creation="2016-01-03T13:52:23.4120274+01:00" queuing="2016-01-03T13:52:23.4120274+01:00" start="2016-01-03T13:52:23.4180280+01:00" finish="2016-01-03T13:52:23.4910353+01:00" />
  <TestSettings name="default" id="17e373da-fe5f-4f2f-a4fb-6dac10efc4e7">
    <Execution>
      <TestTypeSpecific />
    </Execution>
    <Deployment runDeploymentRoot="SYSTEM_N005509 2016-01-03 13_52_23" />
    <Properties />
  </TestSettings>
  <Results>
    <UnitTestResult executionId="b3524de4-38eb-4db0-8109-4e8e33716472" testId="abd87d6d-bdea-4747-83c0-796bb2465d2a" testName="OrderedTest1" computerName="N005509" duration="00:00:00.2632537" startTime="2016-01-03T13:52:23.0229885+01:00" endTime="2016-01-03T13:52:23.3040166+01:00" testType="13cdc9d9-ddb5-4fa4-a97d-d965ccfc6d4b" outcome="Passed" testListId="8c84fa94-04c1-424b-9868-57a2d4851a1d" relativeResultsDirectory="b3524de4-38eb-4db0-8109-4e8e33716472" />
    <UnitTestResult executionId="941969b1-375f-41b7-a614-e5f9943dcd96" testId="9c5eb30c-420d-487c-808b-9c8e3c86e82a" testName="01- MathUtil_TestIncrement (OrderedTest1)" computerName="N005509" duration="00:00:00.0287522" startTime="2016-01-03T12:52:23.0399902+01:00" endTime="2016-01-03T12:52:23.2600122+01:00" testType="13cdc9d9-ddb5-4fa4-a97d-d965ccfc6d4b" outcome="Passed" testListId="8c84fa94-04c1-424b-9868-57a2d4851a1d" relativeResultsDirectory="941969b1-375f-41b7-a614-e5f9943dcd96" />
    <UnitTestResult executionId="f4914606-475a-4b55-a384-6e4fe07fbe98" testId="2e66513e-84d4-4c42-af4b-754ca378dc2f" testName="02- MathUtil_TestIncrement (OrderedTest1)" computerName="N005509" duration="00:00:00.0000373" startTime="2016-01-03T12:52:23.2630125+01:00" endTime="2016-01-03T12:52:23.2660128+01:00" testType="13cdc9d9-ddb5-4fa4-a97d-d965ccfc6d4b" outcome="Passed" testListId="8c84fa94-04c1-424b-9868-57a2d4851a1d" relativeResultsDirectory="f4914606-475a-4b55-a384-6e4fe07fbe98" />
    <UnitTestResult executionId="15a34b11-ca7c-4b9b-b15d-88eb2b51ed55" testId="0695297d-4d59-4165-8c5a-aef7fb78f79d" testName="03- MathUtil_TestIncrement (OrderedTest1)" computerName="N005509" duration="00:00:00.0000332" startTime="2016-01-03T12:52:23.2660128+01:00" endTime="2016-01-03T12:52:23.2680130+01:00" testType="13cdc9d9-ddb5-4fa4-a97d-d965ccfc6d4b" outcome="Passed" testListId="8c84fa94-04c1-424b-9868-57a2d4851a1d" relativeResultsDirectory="15a34b11-ca7c-4b9b-b15d-88eb2b51ed55" />
    <UnitTestResult executionId="493cfd79-f206-4e1e-aecf-c4fa680bfa14" testId="1c6985c6-9c15-4f84-9fdf-367fd6969a79" testName="04- MathUtil_TestIncrement (OrderedTest1)" computerName="N005509" duration="00:00:00.0000348" startTime="2016-01-03T12:52:23.2680130+01:00" endTime="2016-01-03T12:52:23.2700132+01:00" testType="13cdc9d9-ddb5-4fa4-a97d-d965ccfc6d4b" outcome="Passed" testListId="8c84fa94-04c1-424b-9868-57a2d4851a1d" relativeResultsDirectory="493cfd79-f206-4e1e-aecf-c4fa680bfa14" />
    <UnitTestResult executionId="f026e9f6-cedd-48af-b393-3cacc2bafa09" testId="e7460156-28dc-48a6-a411-ad09cd1dbdcb" testName="05- StringUtil_GetStringBetween (OrderedTest1)" computerName="N005509" duration="00:00:00.0008875" startTime="2016-01-03T12:52:23.2700132+01:00" endTime="2016-01-03T12:52:23.2740136+01:00" testType="13cdc9d9-ddb5-4fa4-a97d-d965ccfc6d4b" outcome="Passed" testListId="8c84fa94-04c1-424b-9868-57a2d4851a1d" relativeResultsDirectory="f026e9f6-cedd-48af-b393-3cacc2bafa09" />
    <UnitTestResult executionId="cd4dd100-e3b9-46b1-9abb-72e8f9af6fce" testId="52cfbd36-428b-4f53-9b8c-e0200b65acd6" testName="06- StringUtil_GetStringBetween (OrderedTest1)" computerName="N005509" duration="00:00:00.0000246" startTime="2016-01-03T12:52:23.2740136+01:00" endTime="2016-01-03T12:52:23.2760138+01:00" testType="13cdc9d9-ddb5-4fa4-a97d-d965ccfc6d4b" outcome="Passed" testListId="8c84fa94-04c1-424b-9868-57a2d4851a1d" relativeResultsDirectory="cd4dd100-e3b9-46b1-9abb-72e8f9af6fce" />
    <UnitTestResult executionId="00cca9a8-d663-42c6-8eb8-9aad62477203" testId="5ed4087f-4031-4160-a6c0-97ea85ea646e" testName="07- StringUtil_GetStringBetween (OrderedTest1)" computerName="N005509" duration="00:00:00.0000340" startTime="2016-01-03T12:52:23.2760138+01:00" endTime="2016-01-03T12:52:23.2790141+01:00" testType="13cdc9d9-ddb5-4fa4-a97d-d965ccfc6d4b" outcome="Passed" testListId="8c84fa94-04c1-424b-9868-57a2d4851a1d" relativeResultsDirectory="00cca9a8-d663-42c6-8eb8-9aad62477203" />
    <UnitTestResult executionId="a7e7c515-759a-4401-ad9d-284e51f3db52" testId="c782cc08-fe60-42bc-aa4a-0b5b4fec3921" testName="08- TestFirstViewModel (OrderedTest1)" computerName="N005509" duration="00:00:00.0144280" startTime="2016-01-03T12:52:23.2790141+01:00" endTime="2016-01-03T12:52:23.3000162+01:00" testType="13cdc9d9-ddb5-4fa4-a97d-d965ccfc6d4b" outcome="Passed" testListId="8c84fa94-04c1-424b-9868-57a2d4851a1d" relativeResultsDirectory="a7e7c515-759a-4401-ad9d-284e51f3db52" />
    <UnitTestResult executionId="2d85de52-da0b-4e71-ab46-f7da0e8a2fec" testId="bd85f592-7f9d-4e2e-80fd-c751490f9d3e" testName="09- TestFirstViewModel (OrderedTest1)" computerName="N005509" duration="00:00:00.0000262" startTime="2016-01-03T12:52:23.3000162+01:00" endTime="2016-01-03T12:52:23.3030165+01:00" testType="13cdc9d9-ddb5-4fa4-a97d-d965ccfc6d4b" outcome="Passed" testListId="8c84fa94-04c1-424b-9868-57a2d4851a1d" relativeResultsDirectory="2d85de52-da0b-4e71-ab46-f7da0e8a2fec" />
  </Results>
  <TestDefinitions>
    <UnitTest name="OrderedTest1" storage="d:\glx-projekte\repositories\qqq_firsttest\testbay_test\orderedtest1.orderedtest" id="abd87d6d-bdea-4747-83c0-796bb2465d2a">
      <Execution id="b3524de4-38eb-4db0-8109-4e8e33716472" />
      <TestMethod codeBase="D:\GLX-Projekte\Repositories\QQQ_FirstTest\TestBay_Test\OrderedTest1.orderedtest" adapterTypeName="Microsoft.VisualStudio.TestTools.TestTypes.Unit.UnitTestAdapter" className="d:\glx-projekte\repositories\qqq_firsttest\testbay_test\orderedtest1" name="OrderedTest1" />
    </UnitTest>
    <UnitTest name="01- MathUtil_TestIncrement (OrderedTest1)" storage="d:\glx-projekte\repositories\qqq_firsttest\testbay_test\orderedtest1.orderedtest" id="9c5eb30c-420d-487c-808b-9c8e3c86e82a">
      <Execution id="941969b1-375f-41b7-a614-e5f9943dcd96" />
      <TestMethod codeBase="D:\GLX-Projekte\Repositories\QQQ_FirstTest\TestBay_Test\OrderedTest1.orderedtest" adapterTypeName="Microsoft.VisualStudio.TestTools.TestTypes.Unit.UnitTestAdapter" className="d:\glx-projekte\repositories\qqq_firsttest\testbay_test\orderedtest1" name="01- MathUtil_TestIncrement (OrderedTest1)" />
    </UnitTest>
    <UnitTest name="02- MathUtil_TestIncrement (OrderedTest1)" storage="d:\glx-projekte\repositories\qqq_firsttest\testbay_test\orderedtest1.orderedtest" id="2e66513e-84d4-4c42-af4b-754ca378dc2f">
      <Execution id="f4914606-475a-4b55-a384-6e4fe07fbe98" />
      <TestMethod codeBase="D:\GLX-Projekte\Repositories\QQQ_FirstTest\TestBay_Test\OrderedTest1.orderedtest" adapterTypeName="Microsoft.VisualStudio.TestTools.TestTypes.Unit.UnitTestAdapter" className="d:\glx-projekte\repositories\qqq_firsttest\testbay_test\orderedtest1" name="02- MathUtil_TestIncrement (OrderedTest1)" />
    </UnitTest>
    <UnitTest name="03- MathUtil_TestIncrement (OrderedTest1)" storage="d:\glx-projekte\repositories\qqq_firsttest\testbay_test\orderedtest1.orderedtest" id="0695297d-4d59-4165-8c5a-aef7fb78f79d">
      <Execution id="15a34b11-ca7c-4b9b-b15d-88eb2b51ed55" />
      <TestMethod codeBase="D:\GLX-Projekte\Repositories\QQQ_FirstTest\TestBay_Test\OrderedTest1.orderedtest" adapterTypeName="Microsoft.VisualStudio.TestTools.TestTypes.Unit.UnitTestAdapter" className="d:\glx-projekte\repositories\qqq_firsttest\testbay_test\orderedtest1" name="03- MathUtil_TestIncrement (OrderedTest1)" />
    </UnitTest>
    <UnitTest name="04- MathUtil_TestIncrement (OrderedTest1)" storage="d:\glx-projekte\repositories\qqq_firsttest\testbay_test\orderedtest1.orderedtest" id="1c6985c6-9c15-4f84-9fdf-367fd6969a79">
      <Execution id="493cfd79-f206-4e1e-aecf-c4fa680bfa14" />
      <TestMethod codeBase="D:\GLX-Projekte\Repositories\QQQ_FirstTest\TestBay_Test\OrderedTest1.orderedtest" adapterTypeName="Microsoft.VisualStudio.TestTools.TestTypes.Unit.UnitTestAdapter" className="d:\glx-projekte\repositories\qqq_firsttest\testbay_test\orderedtest1" name="04- MathUtil_TestIncrement (OrderedTest1)" />
    </UnitTest>
    <UnitTest name="05- StringUtil_GetStringBetween (OrderedTest1)" storage="d:\glx-projekte\repositories\qqq_firsttest\testbay_test\orderedtest1.orderedtest" id="e7460156-28dc-48a6-a411-ad09cd1dbdcb">
      <Execution id="f026e9f6-cedd-48af-b393-3cacc2bafa09" />
      <TestMethod codeBase="D:\GLX-Projekte\Repositories\QQQ_FirstTest\TestBay_Test\OrderedTest1.orderedtest" adapterTypeName="Microsoft.VisualStudio.TestTools.TestTypes.Unit.UnitTestAdapter" className="d:\glx-projekte\repositories\qqq_firsttest\testbay_test\orderedtest1" name="05- StringUtil_GetStringBetween (OrderedTest1)" />
    </UnitTest>
    <UnitTest name="06- StringUtil_GetStringBetween (OrderedTest1)" storage="d:\glx-projekte\repositories\qqq_firsttest\testbay_test\orderedtest1.orderedtest" id="52cfbd36-428b-4f53-9b8c-e0200b65acd6">
      <Execution id="cd4dd100-e3b9-46b1-9abb-72e8f9af6fce" />
      <TestMethod codeBase="D:\GLX-Projekte\Repositories\QQQ_FirstTest\TestBay_Test\OrderedTest1.orderedtest" adapterTypeName="Microsoft.VisualStudio.TestTools.TestTypes.Unit.UnitTestAdapter" className="d:\glx-projekte\repositories\qqq_firsttest\testbay_test\orderedtest1" name="06- StringUtil_GetStringBetween (OrderedTest1)" />
    </UnitTest>
    <UnitTest name="07- StringUtil_GetStringBetween (OrderedTest1)" storage="d:\glx-projekte\repositories\qqq_firsttest\testbay_test\orderedtest1.orderedtest" id="5ed4087f-4031-4160-a6c0-97ea85ea646e">
      <Execution id="00cca9a8-d663-42c6-8eb8-9aad62477203" />
      <TestMethod codeBase="D:\GLX-Projekte\Repositories\QQQ_FirstTest\TestBay_Test\OrderedTest1.orderedtest" adapterTypeName="Microsoft.VisualStudio.TestTools.TestTypes.Unit.UnitTestAdapter" className="d:\glx-projekte\repositories\qqq_firsttest\testbay_test\orderedtest1" name="07- StringUtil_GetStringBetween (OrderedTest1)" />
    </UnitTest>
    <UnitTest name="08- TestFirstViewModel (OrderedTest1)" storage="d:\glx-projekte\repositories\qqq_firsttest\testbay_test\orderedtest1.orderedtest" id="c782cc08-fe60-42bc-aa4a-0b5b4fec3921">
      <Execution id="a7e7c515-759a-4401-ad9d-284e51f3db52" />
      <TestMethod codeBase="D:\GLX-Projekte\Repositories\QQQ_FirstTest\TestBay_Test\OrderedTest1.orderedtest" adapterTypeName="Microsoft.VisualStudio.TestTools.TestTypes.Unit.UnitTestAdapter" className="d:\glx-projekte\repositories\qqq_firsttest\testbay_test\orderedtest1" name="08- TestFirstViewModel (OrderedTest1)" />
    </UnitTest>
    <UnitTest name="09- TestFirstViewModel (OrderedTest1)" storage="d:\glx-projekte\repositories\qqq_firsttest\testbay_test\orderedtest1.orderedtest" id="bd85f592-7f9d-4e2e-80fd-c751490f9d3e">
      <Execution id="2d85de52-da0b-4e71-ab46-f7da0e8a2fec" />
      <TestMethod codeBase="D:\GLX-Projekte\Repositories\QQQ_FirstTest\TestBay_Test\OrderedTest1.orderedtest" adapterTypeName="Microsoft.VisualStudio.TestTools.TestTypes.Unit.UnitTestAdapter" className="d:\glx-projekte\repositories\qqq_firsttest\testbay_test\orderedtest1" name="09- TestFirstViewModel (OrderedTest1)" />
    </UnitTest>
  </TestDefinitions>
  <TestEntries>
    <TestEntry testId="abd87d6d-bdea-4747-83c0-796bb2465d2a" executionId="b3524de4-38eb-4db0-8109-4e8e33716472" testListId="8c84fa94-04c1-424b-9868-57a2d4851a1d" />
    <TestEntry testId="9c5eb30c-420d-487c-808b-9c8e3c86e82a" executionId="941969b1-375f-41b7-a614-e5f9943dcd96" testListId="8c84fa94-04c1-424b-9868-57a2d4851a1d" />
    <TestEntry testId="2e66513e-84d4-4c42-af4b-754ca378dc2f" executionId="f4914606-475a-4b55-a384-6e4fe07fbe98" testListId="8c84fa94-04c1-424b-9868-57a2d4851a1d" />
    <TestEntry testId="0695297d-4d59-4165-8c5a-aef7fb78f79d" executionId="15a34b11-ca7c-4b9b-b15d-88eb2b51ed55" testListId="8c84fa94-04c1-424b-9868-57a2d4851a1d" />
    <TestEntry testId="1c6985c6-9c15-4f84-9fdf-367fd6969a79" executionId="493cfd79-f206-4e1e-aecf-c4fa680bfa14" testListId="8c84fa94-04c1-424b-9868-57a2d4851a1d" />
    <TestEntry testId="e7460156-28dc-48a6-a411-ad09cd1dbdcb" executionId="f026e9f6-cedd-48af-b393-3cacc2bafa09" testListId="8c84fa94-04c1-424b-9868-57a2d4851a1d" />
    <TestEntry testId="52cfbd36-428b-4f53-9b8c-e0200b65acd6" executionId="cd4dd100-e3b9-46b1-9abb-72e8f9af6fce" testListId="8c84fa94-04c1-424b-9868-57a2d4851a1d" />
    <TestEntry testId="5ed4087f-4031-4160-a6c0-97ea85ea646e" executionId="00cca9a8-d663-42c6-8eb8-9aad62477203" testListId="8c84fa94-04c1-424b-9868-57a2d4851a1d" />
    <TestEntry testId="c782cc08-fe60-42bc-aa4a-0b5b4fec3921" executionId="a7e7c515-759a-4401-ad9d-284e51f3db52" testListId="8c84fa94-04c1-424b-9868-57a2d4851a1d" />
    <TestEntry testId="bd85f592-7f9d-4e2e-80fd-c751490f9d3e" executionId="2d85de52-da0b-4e71-ab46-f7da0e8a2fec" testListId="8c84fa94-04c1-424b-9868-57a2d4851a1d" />
  </TestEntries>
  <TestLists>
    <TestList name="Nicht in einer Liste enthaltene Ergebnisse" id="8c84fa94-04c1-424b-9868-57a2d4851a1d" />
    <TestList name="Alle geladenen Ergebnisse" id="19431567-8539-422a-85d7-44ee4e166bda" />
  </TestLists>
  <ResultSummary outcome="Completed">
    <Counters total="10" executed="10" passed="10" failed="0" error="0" timeout="0" aborted="0" inconclusive="0" passedButRunAborted="0" notRunnable="0" notExecuted="0" disconnected="0" warning="0" completed="0" inProgress="0" pending="0" />
    <RunInfos>
      <RunInfo computerName="N005509" outcome="Warning" timestamp="2016-01-03T13:52:21.9338796+01:00">
        <Text>Meldung des Adapters für diagnostische Daten: Diagnosedatenadapter 'Code Coverage' wurde nicht gefunden. Stellen Sie sicher, dass der Diagnosedatenadapter installiert ist, und wiederholen Sie den Vorgang.</Text>
      </RunInfo>
    </RunInfos>
  </ResultSummary>
</TestRun>