<?xml version="1.0" encoding="UTF-8"?>
<TestRun id="5b98e23d-d35e-4de4-8a78-882292c2504b" name="SYSTEM@N005509 2016-01-03 13:47:51" runUser="NT-AUTORITÄT\SYSTEM" xmlns="http://microsoft.com/schemas/VisualStudio/TeamTest/2010">
  <Times creation="2016-01-03T13:47:51.0917981+01:00" queuing="2016-01-03T13:47:51.0917981+01:00" start="2016-01-03T13:47:51.0977987+01:00" finish="2016-01-03T13:47:51.1728062+01:00" />
  <TestSettings name="default" id="b2e20387-2b83-4ea8-ab46-407e44e3dcc0">
    <Execution>
      <TestTypeSpecific />
    </Execution>
    <Deployment runDeploymentRoot="SYSTEM_N005509 2016-01-03 13_47_51" />
    <Properties />
  </TestSettings>
  <Results>
    <UnitTestResult executionId="679da37e-ba05-460e-8ede-e65a55ba03e9" testId="abd87d6d-bdea-4747-83c0-796bb2465d2a" testName="OrderedTest1" computerName="N005509" duration="00:00:00.2819091" startTime="2016-01-03T13:47:50.6737563+01:00" endTime="2016-01-03T13:47:50.9777867+01:00" testType="13cdc9d9-ddb5-4fa4-a97d-d965ccfc6d4b" outcome="Passed" testListId="8c84fa94-04c1-424b-9868-57a2d4851a1d" relativeResultsDirectory="679da37e-ba05-460e-8ede-e65a55ba03e9" />
    <UnitTestResult executionId="6af24e6d-23cd-4415-9f70-ecac0544ff42" testId="8ea538ac-ec18-477a-bc76-31c076808f0a" testName="01- MathUtil_TestIncrement (OrderedTest1)" computerName="N005509" duration="00:00:00.0291660" startTime="2016-01-03T12:47:50.6937583+01:00" endTime="2016-01-03T12:47:50.9207810+01:00" testType="13cdc9d9-ddb5-4fa4-a97d-d965ccfc6d4b" outcome="Passed" testListId="8c84fa94-04c1-424b-9868-57a2d4851a1d" relativeResultsDirectory="6af24e6d-23cd-4415-9f70-ecac0544ff42" />
    <UnitTestResult executionId="fdec0996-892d-4e21-9a24-76e1e9c76221" testId="0530926f-144a-4f5f-a8a0-61cb3b555ea6" testName="02- MathUtil_TestIncrement (OrderedTest1)" computerName="N005509" duration="00:00:00.0000492" startTime="2016-01-03T12:47:50.9237813+01:00" endTime="2016-01-03T12:47:50.9257815+01:00" testType="13cdc9d9-ddb5-4fa4-a97d-d965ccfc6d4b" outcome="Passed" testListId="8c84fa94-04c1-424b-9868-57a2d4851a1d" relativeResultsDirectory="fdec0996-892d-4e21-9a24-76e1e9c76221" />
    <UnitTestResult executionId="ae149c43-ddcf-44f2-a903-44bf9fe95f23" testId="5aaa6d22-51c6-44f2-859c-d87f1762c2dc" testName="03- MathUtil_TestIncrement (OrderedTest1)" computerName="N005509" duration="00:00:00.0000250" startTime="2016-01-03T12:47:50.9257815+01:00" endTime="2016-01-03T12:47:50.9277817+01:00" testType="13cdc9d9-ddb5-4fa4-a97d-d965ccfc6d4b" outcome="Passed" testListId="8c84fa94-04c1-424b-9868-57a2d4851a1d" relativeResultsDirectory="ae149c43-ddcf-44f2-a903-44bf9fe95f23" />
    <UnitTestResult executionId="f6b9becc-b979-465e-a6c6-30443ca7c709" testId="b62436a0-13af-43aa-af34-12928e9b80ad" testName="04- MathUtil_TestIncrement (OrderedTest1)" computerName="N005509" duration="00:00:00.0000262" startTime="2016-01-03T12:47:50.9277817+01:00" endTime="2016-01-03T12:47:50.9297819+01:00" testType="13cdc9d9-ddb5-4fa4-a97d-d965ccfc6d4b" outcome="Passed" testListId="8c84fa94-04c1-424b-9868-57a2d4851a1d" relativeResultsDirectory="f6b9becc-b979-465e-a6c6-30443ca7c709" />
    <UnitTestResult executionId="7632068e-73da-4503-89e6-9c5a05cc5456" testId="a5250845-660f-416e-a2e7-6105a219bb94" testName="05- StringUtil_GetStringBetween (OrderedTest1)" computerName="N005509" duration="00:00:00.0014741" startTime="2016-01-03T12:47:50.9297819+01:00" endTime="2016-01-03T12:47:50.9367826+01:00" testType="13cdc9d9-ddb5-4fa4-a97d-d965ccfc6d4b" outcome="Passed" testListId="8c84fa94-04c1-424b-9868-57a2d4851a1d" relativeResultsDirectory="7632068e-73da-4503-89e6-9c5a05cc5456" />
    <UnitTestResult executionId="b9d3b6c8-0d33-4319-86d6-d54be8d7f0e3" testId="f14bf706-1296-4aa7-80e3-3848fae60770" testName="06- StringUtil_GetStringBetween (OrderedTest1)" computerName="N005509" duration="00:00:00.0000348" startTime="2016-01-03T12:47:50.9377827+01:00" endTime="2016-01-03T12:47:50.9407830+01:00" testType="13cdc9d9-ddb5-4fa4-a97d-d965ccfc6d4b" outcome="Passed" testListId="8c84fa94-04c1-424b-9868-57a2d4851a1d" relativeResultsDirectory="b9d3b6c8-0d33-4319-86d6-d54be8d7f0e3" />
    <UnitTestResult executionId="79520550-53b1-4108-9a96-e5a74bb31492" testId="786f0597-848a-46f1-97fe-5e88cc28e4c9" testName="07- StringUtil_GetStringBetween (OrderedTest1)" computerName="N005509" duration="00:00:00.0000755" startTime="2016-01-03T12:47:50.9417831+01:00" endTime="2016-01-03T12:47:50.9437833+01:00" testType="13cdc9d9-ddb5-4fa4-a97d-d965ccfc6d4b" outcome="Passed" testListId="8c84fa94-04c1-424b-9868-57a2d4851a1d" relativeResultsDirectory="79520550-53b1-4108-9a96-e5a74bb31492" />
    <UnitTestResult executionId="376db9e6-87c0-44c9-a5da-e55bb7770a30" testId="c84a10ea-8443-4dd9-ac3b-4900cb0994a8" testName="08- TestFirstViewModel (OrderedTest1)" computerName="N005509" duration="00:00:00.0212740" startTime="2016-01-03T12:47:50.9437833+01:00" endTime="2016-01-03T12:47:50.9677857+01:00" testType="13cdc9d9-ddb5-4fa4-a97d-d965ccfc6d4b" outcome="Passed" testListId="8c84fa94-04c1-424b-9868-57a2d4851a1d" relativeResultsDirectory="376db9e6-87c0-44c9-a5da-e55bb7770a30" />
    <UnitTestResult executionId="e26ec5a6-b12a-4a67-a6a5-3b895bcfa72c" testId="b4c17e9b-3698-4839-9a2f-5102ea234cd8" testName="09- TestFirstViewModel (OrderedTest1)" computerName="N005509" duration="00:00:00.0000365" startTime="2016-01-03T12:47:50.9717861+01:00" endTime="2016-01-03T12:47:50.9757865+01:00" testType="13cdc9d9-ddb5-4fa4-a97d-d965ccfc6d4b" outcome="Passed" testListId="8c84fa94-04c1-424b-9868-57a2d4851a1d" relativeResultsDirectory="e26ec5a6-b12a-4a67-a6a5-3b895bcfa72c" />
  </Results>
  <TestDefinitions>
    <UnitTest name="OrderedTest1" storage="d:\glx-projekte\repositories\qqq_firsttest\testbay_test\orderedtest1.orderedtest" id="abd87d6d-bdea-4747-83c0-796bb2465d2a">
      <Execution id="679da37e-ba05-460e-8ede-e65a55ba03e9" />
      <TestMethod codeBase="D:\GLX-Projekte\Repositories\QQQ_FirstTest\TestBay_Test\OrderedTest1.orderedtest" adapterTypeName="Microsoft.VisualStudio.TestTools.TestTypes.Unit.UnitTestAdapter" className="d:\glx-projekte\repositories\qqq_firsttest\testbay_test\orderedtest1" name="OrderedTest1" />
    </UnitTest>
    <UnitTest name="01- MathUtil_TestIncrement (OrderedTest1)" storage="d:\glx-projekte\repositories\qqq_firsttest\testbay_test\orderedtest1.orderedtest" id="8ea538ac-ec18-477a-bc76-31c076808f0a">
      <Execution id="6af24e6d-23cd-4415-9f70-ecac0544ff42" />
      <TestMethod codeBase="D:\GLX-Projekte\Repositories\QQQ_FirstTest\TestBay_Test\OrderedTest1.orderedtest" adapterTypeName="Microsoft.VisualStudio.TestTools.TestTypes.Unit.UnitTestAdapter" className="d:\glx-projekte\repositories\qqq_firsttest\testbay_test\orderedtest1" name="01- MathUtil_TestIncrement (OrderedTest1)" />
    </UnitTest>
    <UnitTest name="02- MathUtil_TestIncrement (OrderedTest1)" storage="d:\glx-projekte\repositories\qqq_firsttest\testbay_test\orderedtest1.orderedtest" id="0530926f-144a-4f5f-a8a0-61cb3b555ea6">
      <Execution id="fdec0996-892d-4e21-9a24-76e1e9c76221" />
      <TestMethod codeBase="D:\GLX-Projekte\Repositories\QQQ_FirstTest\TestBay_Test\OrderedTest1.orderedtest" adapterTypeName="Microsoft.VisualStudio.TestTools.TestTypes.Unit.UnitTestAdapter" className="d:\glx-projekte\repositories\qqq_firsttest\testbay_test\orderedtest1" name="02- MathUtil_TestIncrement (OrderedTest1)" />
    </UnitTest>
    <UnitTest name="03- MathUtil_TestIncrement (OrderedTest1)" storage="d:\glx-projekte\repositories\qqq_firsttest\testbay_test\orderedtest1.orderedtest" id="5aaa6d22-51c6-44f2-859c-d87f1762c2dc">
      <Execution id="ae149c43-ddcf-44f2-a903-44bf9fe95f23" />
      <TestMethod codeBase="D:\GLX-Projekte\Repositories\QQQ_FirstTest\TestBay_Test\OrderedTest1.orderedtest" adapterTypeName="Microsoft.VisualStudio.TestTools.TestTypes.Unit.UnitTestAdapter" className="d:\glx-projekte\repositories\qqq_firsttest\testbay_test\orderedtest1" name="03- MathUtil_TestIncrement (OrderedTest1)" />
    </UnitTest>
    <UnitTest name="04- MathUtil_TestIncrement (OrderedTest1)" storage="d:\glx-projekte\repositories\qqq_firsttest\testbay_test\orderedtest1.orderedtest" id="b62436a0-13af-43aa-af34-12928e9b80ad">
      <Execution id="f6b9becc-b979-465e-a6c6-30443ca7c709" />
      <TestMethod codeBase="D:\GLX-Projekte\Repositories\QQQ_FirstTest\TestBay_Test\OrderedTest1.orderedtest" adapterTypeName="Microsoft.VisualStudio.TestTools.TestTypes.Unit.UnitTestAdapter" className="d:\glx-projekte\repositories\qqq_firsttest\testbay_test\orderedtest1" name="04- MathUtil_TestIncrement (OrderedTest1)" />
    </UnitTest>
    <UnitTest name="05- StringUtil_GetStringBetween (OrderedTest1)" storage="d:\glx-projekte\repositories\qqq_firsttest\testbay_test\orderedtest1.orderedtest" id="a5250845-660f-416e-a2e7-6105a219bb94">
      <Execution id="7632068e-73da-4503-89e6-9c5a05cc5456" />
      <TestMethod codeBase="D:\GLX-Projekte\Repositories\QQQ_FirstTest\TestBay_Test\OrderedTest1.orderedtest" adapterTypeName="Microsoft.VisualStudio.TestTools.TestTypes.Unit.UnitTestAdapter" className="d:\glx-projekte\repositories\qqq_firsttest\testbay_test\orderedtest1" name="05- StringUtil_GetStringBetween (OrderedTest1)" />
    </UnitTest>
    <UnitTest name="06- StringUtil_GetStringBetween (OrderedTest1)" storage="d:\glx-projekte\repositories\qqq_firsttest\testbay_test\orderedtest1.orderedtest" id="f14bf706-1296-4aa7-80e3-3848fae60770">
      <Execution id="b9d3b6c8-0d33-4319-86d6-d54be8d7f0e3" />
      <TestMethod codeBase="D:\GLX-Projekte\Repositories\QQQ_FirstTest\TestBay_Test\OrderedTest1.orderedtest" adapterTypeName="Microsoft.VisualStudio.TestTools.TestTypes.Unit.UnitTestAdapter" className="d:\glx-projekte\repositories\qqq_firsttest\testbay_test\orderedtest1" name="06- StringUtil_GetStringBetween (OrderedTest1)" />
    </UnitTest>
    <UnitTest name="07- StringUtil_GetStringBetween (OrderedTest1)" storage="d:\glx-projekte\repositories\qqq_firsttest\testbay_test\orderedtest1.orderedtest" id="786f0597-848a-46f1-97fe-5e88cc28e4c9">
      <Execution id="79520550-53b1-4108-9a96-e5a74bb31492" />
      <TestMethod codeBase="D:\GLX-Projekte\Repositories\QQQ_FirstTest\TestBay_Test\OrderedTest1.orderedtest" adapterTypeName="Microsoft.VisualStudio.TestTools.TestTypes.Unit.UnitTestAdapter" className="d:\glx-projekte\repositories\qqq_firsttest\testbay_test\orderedtest1" name="07- StringUtil_GetStringBetween (OrderedTest1)" />
    </UnitTest>
    <UnitTest name="08- TestFirstViewModel (OrderedTest1)" storage="d:\glx-projekte\repositories\qqq_firsttest\testbay_test\orderedtest1.orderedtest" id="c84a10ea-8443-4dd9-ac3b-4900cb0994a8">
      <Execution id="376db9e6-87c0-44c9-a5da-e55bb7770a30" />
      <TestMethod codeBase="D:\GLX-Projekte\Repositories\QQQ_FirstTest\TestBay_Test\OrderedTest1.orderedtest" adapterTypeName="Microsoft.VisualStudio.TestTools.TestTypes.Unit.UnitTestAdapter" className="d:\glx-projekte\repositories\qqq_firsttest\testbay_test\orderedtest1" name="08- TestFirstViewModel (OrderedTest1)" />
    </UnitTest>
    <UnitTest name="09- TestFirstViewModel (OrderedTest1)" storage="d:\glx-projekte\repositories\qqq_firsttest\testbay_test\orderedtest1.orderedtest" id="b4c17e9b-3698-4839-9a2f-5102ea234cd8">
      <Execution id="e26ec5a6-b12a-4a67-a6a5-3b895bcfa72c" />
      <TestMethod codeBase="D:\GLX-Projekte\Repositories\QQQ_FirstTest\TestBay_Test\OrderedTest1.orderedtest" adapterTypeName="Microsoft.VisualStudio.TestTools.TestTypes.Unit.UnitTestAdapter" className="d:\glx-projekte\repositories\qqq_firsttest\testbay_test\orderedtest1" name="09- TestFirstViewModel (OrderedTest1)" />
    </UnitTest>
  </TestDefinitions>
  <TestEntries>
    <TestEntry testId="abd87d6d-bdea-4747-83c0-796bb2465d2a" executionId="679da37e-ba05-460e-8ede-e65a55ba03e9" testListId="8c84fa94-04c1-424b-9868-57a2d4851a1d" />
    <TestEntry testId="8ea538ac-ec18-477a-bc76-31c076808f0a" executionId="6af24e6d-23cd-4415-9f70-ecac0544ff42" testListId="8c84fa94-04c1-424b-9868-57a2d4851a1d" />
    <TestEntry testId="0530926f-144a-4f5f-a8a0-61cb3b555ea6" executionId="fdec0996-892d-4e21-9a24-76e1e9c76221" testListId="8c84fa94-04c1-424b-9868-57a2d4851a1d" />
    <TestEntry testId="5aaa6d22-51c6-44f2-859c-d87f1762c2dc" executionId="ae149c43-ddcf-44f2-a903-44bf9fe95f23" testListId="8c84fa94-04c1-424b-9868-57a2d4851a1d" />
    <TestEntry testId="b62436a0-13af-43aa-af34-12928e9b80ad" executionId="f6b9becc-b979-465e-a6c6-30443ca7c709" testListId="8c84fa94-04c1-424b-9868-57a2d4851a1d" />
    <TestEntry testId="a5250845-660f-416e-a2e7-6105a219bb94" executionId="7632068e-73da-4503-89e6-9c5a05cc5456" testListId="8c84fa94-04c1-424b-9868-57a2d4851a1d" />
    <TestEntry testId="f14bf706-1296-4aa7-80e3-3848fae60770" executionId="b9d3b6c8-0d33-4319-86d6-d54be8d7f0e3" testListId="8c84fa94-04c1-424b-9868-57a2d4851a1d" />
    <TestEntry testId="786f0597-848a-46f1-97fe-5e88cc28e4c9" executionId="79520550-53b1-4108-9a96-e5a74bb31492" testListId="8c84fa94-04c1-424b-9868-57a2d4851a1d" />
    <TestEntry testId="c84a10ea-8443-4dd9-ac3b-4900cb0994a8" executionId="376db9e6-87c0-44c9-a5da-e55bb7770a30" testListId="8c84fa94-04c1-424b-9868-57a2d4851a1d" />
    <TestEntry testId="b4c17e9b-3698-4839-9a2f-5102ea234cd8" executionId="e26ec5a6-b12a-4a67-a6a5-3b895bcfa72c" testListId="8c84fa94-04c1-424b-9868-57a2d4851a1d" />
  </TestEntries>
  <TestLists>
    <TestList name="Nicht in einer Liste enthaltene Ergebnisse" id="8c84fa94-04c1-424b-9868-57a2d4851a1d" />
    <TestList name="Alle geladenen Ergebnisse" id="19431567-8539-422a-85d7-44ee4e166bda" />
  </TestLists>
  <ResultSummary outcome="Completed">
    <Counters total="10" executed="10" passed="10" failed="0" error="0" timeout="0" aborted="0" inconclusive="0" passedButRunAborted="0" notRunnable="0" notExecuted="0" disconnected="0" warning="0" completed="0" inProgress="0" pending="0" />
    <RunInfos>
      <RunInfo computerName="N005509" outcome="Warning" timestamp="2016-01-03T13:47:49.5816471+01:00">
        <Text>Meldung des Adapters für diagnostische Daten: Diagnosedatenadapter 'Code Coverage' wurde nicht gefunden. Stellen Sie sicher, dass der Diagnosedatenadapter installiert ist, und wiederholen Sie den Vorgang.</Text>
      </RunInfo>
    </RunInfos>
  </ResultSummary>
</TestRun>